// Jest Snapshot v1, https://goo.gl/fbAQLP

exports[`Button - render With default props Should match snapshot 1`] = `
<button
  className="btn btn--default"
  disabled={false}
>
  Test button
</button>
`;
