// Jest Snapshot v1, https://goo.gl/fbAQLP

exports[`CounterOutput - render should match snapshot 1`] = `
<section
  className="counter-output"
>
  <span
    className="counter-output__count"
  >
    0
  </span>
</section>
`;
